{
  - host: hexlet.io
  - timeout: 50
  + timeout: 20
  + verbose: true
}