{
    common: {
      - setting: 1
      + setting: 2
    }
}